// Jest Snapshot v1, https://goo.gl/fbAQLP

exports[`FriendList tests render firend list 1`] = `null`;
